// Jest Snapshot v1, https://goo.gl/fbAQLP

exports[`Test in <Calculator /> should Calculator the component correctly 1`] = `
<div
  className="calculator"
>
  <h2>
    Calculator
  </h2>
  <Display
    initialValue={
      Array [
        0,
      ]
    }
  />
  <hr />
  <ButtonTable
    handleSelectButton={[Function]}
  />
</div>
`;
